src/components/layout/IconRail.tsx(56,48): error TS2322: Type '{ children: Element[]; key: string; placement: string; }' is not assignable to type 'IntrinsicAttributes & TooltipProps'.
  Property 'placement' does not exist on type 'IntrinsicAttributes & TooltipProps'.
src/components/layout/IconRail.tsx(62,37): error TS2322: Type '{ hidden: { opacity: number; y: number; }; visible: (i: number) => { opacity: number; y: number; transition: { delay: number; ease: string; }; }; }' is not assignable to type 'Variants'.
  Property 'visible' is incompatible with index signature.
    Type '(i: number) => { opacity: number; y: number; transition: { delay: number; ease: string; }; }' is not assignable to type 'Variant'.
      Type '(i: number) => { opacity: number; y: number; transition: { delay: number; ease: string; }; }' is not assignable to type 'TargetResolver'.
        Type '{ opacity: number; y: number; transition: { delay: number; ease: string; }; }' is not assignable to type 'string | TargetAndTransition'.
          Type '{ opacity: number; y: number; transition: { delay: number; ease: string; }; }' is not assignable to type 'TargetAndTransition'.
            Type '{ opacity: number; y: number; transition: { delay: number; ease: string; }; }' is not assignable to type '{ transition?: Transition<any> | undefined; transitionEnd?: ResolvedValues$1 | undefined; }'.
              Types of property 'transition' are incompatible.
                Type '{ delay: number; ease: string; }' is not assignable to type 'Transition<any> | undefined'.
                  Type '{ delay: number; ease: string; }' is not assignable to type 'TransitionWithValueOverrides<any>'.
                    Type '{ delay: number; ease: string; }' is not assignable to type 'ValueAnimationTransition<any>'.
                      Types of property 'ease' are incompatible.
                        Type 'string' is not assignable to type 'Easing | Easing[] | undefined'.
src/components/layout/IconRail.tsx(84,48): error TS2322: Type '{ children: Element[]; key: string; placement: string; }' is not assignable to type 'IntrinsicAttributes & TooltipProps'.
  Property 'placement' does not exist on type 'IntrinsicAttributes & TooltipProps'.
src/components/layout/IconRail.tsx(90,37): error TS2322: Type '{ hidden: { opacity: number; y: number; }; visible: (i: number) => { opacity: number; y: number; transition: { delay: number; ease: string; }; }; }' is not assignable to type 'Variants'.
  Property 'visible' is incompatible with index signature.
    Type '(i: number) => { opacity: number; y: number; transition: { delay: number; ease: string; }; }' is not assignable to type 'Variant'.
      Type '(i: number) => { opacity: number; y: number; transition: { delay: number; ease: string; }; }' is not assignable to type 'TargetResolver'.
        Type '{ opacity: number; y: number; transition: { delay: number; ease: string; }; }' is not assignable to type 'string | TargetAndTransition'.
          Type '{ opacity: number; y: number; transition: { delay: number; ease: string; }; }' is not assignable to type 'TargetAndTransition'.
            Type '{ opacity: number; y: number; transition: { delay: number; ease: string; }; }' is not assignable to type '{ transition?: Transition<any> | undefined; transitionEnd?: ResolvedValues$1 | undefined; }'.
              Types of property 'transition' are incompatible.
                Type '{ delay: number; ease: string; }' is not assignable to type 'Transition<any> | undefined'.
                  Type '{ delay: number; ease: string; }' is not assignable to type 'TransitionWithValueOverrides<any>'.
                    Type '{ delay: number; ease: string; }' is not assignable to type 'ValueAnimationTransition<any>'.
                      Types of property 'ease' are incompatible.
                        Type 'string' is not assignable to type 'Easing | Easing[] | undefined'.
src/components/theme-provider.tsx(5,41): error TS2307: Cannot find module 'next-themes/dist/types' or its corresponding type declarations.
src/components/ui/LiquidEther.tsx(2,24): error TS2307: Cannot find module 'three' or its corresponding type declarations.
src/store/appStore.ts(32,54): error TS2739: Type '{ activePanel: "chats"; setActivePanel: (panel: PanelType) => void; isPanelOpen: true; togglePanel: () => void; setPanelOpen: (isOpen: boolean) => void; activeChatId: string; setActiveChatId: (id: string | null) => void; ... 5 more ...; clearAllChats: () => void; }' is missing the following properties from type 'AppStore': toasts, addToast, removeToast
